# Changelog

All notable changes to this project will be documented in this file.

The format is based on [Keep a Changelog](https://keepachangelog.com/en/1.0.0/), and this project adheres to [Semantic Versioning](https://semver.org/spec/v2.0.0.html).
## [Unreleased]


### Added

    - Globale Änderung 1
    - Globale Änderung 2



#### Modul: User

##### Fixed

      - Fehler im User-Modul behoben
      - Validierung verbessert

##### Added

      - Neues Feld im User-Modul

#### Modul: Payment

##### Changed

      - Zahlungslogik angepasst

